ssh-keygen
eltex-pg1-v24@eltex-2025-summer:~$    ssh-copy-id -i ~/.ssh/id_rsa.pub root@172.16.9.198
/usr/bin/ssh-copy-id: INFO: Source of key(s) to be installed: "/home/eltex-pg1-v24/.ssh/id_rsa.pub"
The authenticity of host '172.16.9.198 (172.16.9.198)' can't be established.
ED25519 key fingerprint is SHA256:YNVzj+RtetZfXv5XUn/CUjeEcaMD4eg3jy8EuGGIS+o.
This key is not known by any other names.
Are you sure you want to continue connecting (yes/no/[fingerprint])? yes
/usr/bin/ssh-copy-id: INFO: attempting to log in with the new key(s), to filter out any that are already installed
/usr/bin/ssh-copy-id: INFO: 1 key(s) remain to be installed -- if you are prompted now it is to install the new keys
root@172.16.9.198's password:
Permission denied, please try again.
root@172.16.9.198's password:
Permission denied, please try again.
root@172.16.9.198's password:
root@172.16.9.198: Permission denied (publickey,password).
eltex-pg1-v24@eltex-2025-summer:~$ ^C
eltex-pg1-v24@eltex-2025-summer:~$ ssh-copy-id -i ~/.ssh/id_rsa.pub root@172.16.9.198
/usr/bin/ssh-copy-id: INFO: Source of key(s) to be installed: "/home/eltex-pg1-v24/.ssh/id_rsa.pub"
/usr/bin/ssh-copy-id: INFO: attempting to log in with the new key(s), to filter out any that are already installed
/usr/bin/ssh-copy-id: INFO: 1 key(s) remain to be installed -- if you are prompted now it is to install the new keys
root@172.16.9.198's password:

Number of key(s) added: 1

Now try logging into the machine, with:   "ssh 'root@172.16.9.198'"
and check to make sure that only the key(s) you wanted were added.

eltex-pg1-v24@eltex-2025-summer:~$ ssh root@172.16.9.198
Welcome to Ubuntu 24.04.2 LTS (GNU/Linux 6.8.0-55-generic x86_64)

 * Documentation:  https://help.ubuntu.com
 * Management:     https://landscape.canonical.com
 * Support:        https://ubuntu.com/pro

 System information as of Sun Jul 13 04:12:51 PM UTC 2025

  System load:  0.0                Processes:              110
  Usage of /:   40.3% of 14.66GB   Users logged in:        0
  Memory usage: 15%                IPv4 address for ens18: 172.16.9.198
  Swap usage:   0%

 * Strictly confined Kubernetes makes edge and IoT secure. Learn how MicroK8s
   just raised the bar for easy, resilient and secure K8s cluster deployment.

   https://ubuntu.com/engage/secure-kubernetes-at-the-edge

Expanded Security Maintenance for Applications is not enabled.

57 updates can be applied immediately.
To see these additional updates run: apt list --upgradable

Enable ESM Apps to receive additional future security updates.
See https://ubuntu.com/esm or run: sudo pro status


*** System restart required ***

root@eltex-practice2-pg1-v24:~#  ls -la
total 52
drwx------  4 root root  4096 Jul 16 06:30 .
drwxr-xr-x 23 root root  4096 Mar 12 18:12 ..
-rw-------  1 root root  1600 Jul 14 09:03 .bash_history
-rw-r--r--  1 root root  3106 Apr 22  2024 .bashrc
drwx------  2 root root  4096 Jul 11 00:32 .cache
-rw-------  1 root root    20 Jul 13 16:48 .lesshst
-rw-r--r--  1 root root  2641 Jul 13 16:16 practice2_eltex-pg1-v24_part1.log
-rw-r--r--  1 root root   273 Jul 14 06:12 practice2__part1.log
-rw-r--r--  1 root root   172 Jul 14 06:12 .profile
drwx------  2 root root  4096 Mar 12 18:17 .ssh
-rw-------  1 root root 10794 Jul 16 06:30 .viminfo
root@eltex-practice2-pg1-v24:~# ^C
root@eltex-practice2-pg1-v24:~#  ls -l ~/.ssh/authorized_keys
-rw------- 1 root root 585 Jul 13 16:12 /root/.ssh/authorized_keys
eltex-pg1-v24@eltex-2025-summer:~$ ls -la
total 124
drwx------ 18 eltex-pg1-v24 eltex-pg1-v24  4096 Jul 14 13:17  .
drwxr-xr-x 35 root          root           4096 Jul  7 08:59  ..
-rw-r--r--  1 eltex-pg1-v24 eltex-pg1-v24   615 Jul 13 16:22 '$USER_part3_gt50M.log'
-rw-r--r--  1 eltex-pg1-v24 eltex-pg1-v24  2763 Jul 13 16:34 '$USER_part3.log'
-rw-r--r--  1 eltex-pg1-v24 eltex-pg1-v24  5269 Jul 13 14:55 '$USER_part.log'
drwxr-xr-x  2 eltex-pg1-v24 eltex-pg1-v24  4096 Jul 13 14:54  2025-01
drwxr-xr-x  2 eltex-pg1-v24 eltex-pg1-v24  4096 Jul 13 14:54  2025-02
drwxr-xr-x  2 eltex-pg1-v24 eltex-pg1-v24  4096 Jul 13 14:54  2025-03
drwxr-xr-x  2 eltex-pg1-v24 eltex-pg1-v24  4096 Jul 13 14:54  2025-04
drwxr-xr-x  2 eltex-pg1-v24 eltex-pg1-v24  4096 Jul 13 14:54  2025-05
drwxr-xr-x  2 eltex-pg1-v24 eltex-pg1-v24  4096 Jul 13 14:54  2025-06
drwxr-xr-x  2 eltex-pg1-v24 eltex-pg1-v24  4096 Jul 13 14:54  2025-07
drwxr-xr-x  2 eltex-pg1-v24 eltex-pg1-v24  4096 Jul 13 14:54  2025-08
drwxr-xr-x  2 eltex-pg1-v24 eltex-pg1-v24  4096 Jul 13 14:54  2025-09
drwxr-xr-x  2 eltex-pg1-v24 eltex-pg1-v24  4096 Jul 13 14:54  2025-10
drwxr-xr-x  2 eltex-pg1-v24 eltex-pg1-v24  4096 Jul 13 14:54  2025-11
drwxr-xr-x  2 eltex-pg1-v24 eltex-pg1-v24  4096 Jul 13 14:54  2025-12
-rw-------  1 eltex-pg1-v24 eltex-pg1-v24  4927 Jul 14 15:31  .bash_history
-rw-r--r--  1 eltex-pg1-v24 eltex-pg1-v24   220 Mar 30  2024  .bash_logout
-rw-r--r--  1 eltex-pg1-v24 eltex-pg1-v24  3526 Mar 30  2024  .bashrc
drwx------  3 eltex-pg1-v24 eltex-pg1-v24  4096 Jul  7 10:50  .config
drwxr-xr-x  2 eltex-pg1-v24 eltex-pg1-v24  4096 Jul 13 16:26  D1
-rw-r--r--  1 eltex-pg1-v24 eltex-pg1-v24   807 Jul 14 13:11  .profile
-rw-r--r--  1 eltex-pg1-v24 eltex-pg1-v24   123 Jul  7 11:50  report_part1.txt
drwx------  2 eltex-pg1-v24 eltex-pg1-v24  4096 Jul 13 23:12  .ssh
drwxr-xr-x  2 eltex-pg1-v24 eltex-pg1-v24  4096 Jul 13 13:22  .vim
-rw-------  1 eltex-pg1-v24 eltex-pg1-v24 11671 Jul 14 13:17  .viminfo
eltex-pg1-v24@eltex-2025-summer:~$ ^C
eltex-pg1-v24@eltex-2025-summer:~$ ls -l ~/.ssh/*.pub
-rw-r--r-- 1 eltex-pg1-v24 eltex-pg1-v24 585 Jul 13 16:48 /home/eltex-pg1-v24/.ssh/id_rsa.pub
root@eltex-practice2-pg1-v24:~# cat ~/.ssh/authorized_keys
ssh-rsa AAAAB3NzaC1yc2EAAAADAQABAAABgQC+1M657NAh5Lg9HaPYo2GOpQzcPlyFl1SalpVLu4YmH+IUsZf0rNww2GpeU40kKzhmg28Q/5vnArHHItQQWzx55l4p0UwVRL4HTsBdxFOrRGwUZXit83+R+cFM2+Kuf6BY49WRQYtnWd6oTxaXBUTBPP5UmC6SA7PSimnTScxsjStLbyWBiwYqaqaFm3urkmzDDAx0ULseofUJenx/rf7mrObTeaL16lypcUc3C23F01tVfRTP7ZLbZ777IfoiWbZcaD9uwDQPdym01RiJK0grsN735tSx93a7NT3fT9BKs5QWC4dEaniLunQk44hTGlsWYGY69h3MDlfgN+hsUA/pptMKrHJnd0LwfX3K+HQogBmRucEKB/EalN1jZEeNuGQkNUvAcYJ53VDtO06Lm++1EDf7HBJrqo8Rkm2DtUDblqD1YFPNP5oYgR6D0FwQN/I6+gAO00ad+IeINE1Z5QZ8Rrzh80I5bbGohINE4EEN6tY778hsBxb7KNs7C4Qskac= eltex-pg1-v24@eltex-2025-summer
eltex-pg1-v24@eltex-2025-summer:~$ cat ~/.ssh/id_rsa.pub
ssh-rsa AAAAB3NzaC1yc2EAAAADAQABAAABgQC+1M657NAh5Lg9HaPYo2GOpQzcPlyFl1SalpVLu4YmH+IUsZf0rNww2GpeU40kKzhmg28Q/5vnArHHItQQWzx55l4p0UwVRL4HTsBdxFOrRGwUZXit83+R+cFM2+Kuf6BY49WRQYtnWd6oTxaXBUTBPP5UmC6SA7PSimnTScxsjStLbyWBiwYqaqaFm3urkmzDDAx0ULseofUJenx/rf7mrObTeaL16lypcUc3C23F01tVfRTP7ZLbZ777IfoiWbZcaD9uwDQPdym01RiJK0grsN735tSx93a7NT3fT9BKs5QWC4dEaniLunQk44hTGlsWYGY69h3MDlfgN+hsUA/pptMKrHJnd0LwfX3K+HQogBmRucEKB/EalN1jZEeNuGQkNUvAcYJ53VDtO06Lm++1EDf7HBJrqo8Rkm2DtUDblqD1YFPNP5oYgR6D0FwQN/I6+gAO00ad+IeINE1Z5QZ8Rrzh80I5bbGohINE4EEN6tY778hsBxb7KNs7C4Qskac= eltex-pg1-v24@eltex-2025-summer
одинаковые

root@eltex-practice2-pg1-v24:~# useradd -m -s /bin/bash user1
root@eltex-practice2-pg1-v24:~# passwd user1
New password:
Retype new password:
passwd: password updated successfully

root@eltex-practice2-pg1-v24:~# adduser user2
info: Adding user `user2' ...
info: Selecting UID/GID from range 1000 to 59999 ...
info: Adding new group `user2' (1002) ...
info: Adding new user `user2' (1002) with group `user2 (1002)' ...
warn: The home directory `/home/user2' already exists.  Not touching this directory.
New password:
Retype new password:
passwd: password updated successfully
Changing the user information for user2
Enter the new value, or press ENTER for the default
        Full Name []:
        Room Number []:
        Work Phone []:
        Home Phone []:
        Other []:
Is the information correct? [Y/n] Y
info: Adding new user `user2' to supplemental / extra groups `users' ...
info: Adding user `user2' to group `users' ...
root@eltex-practice2-pg1-v24:~# adduser user3
info: Adding user `user3' ...
info: Selecting UID/GID from range 1000 to 59999 ...
info: Adding new group `user3' (1003) ...
info: Adding new user `user3' (1003) with group `user3 (1003)' ...
warn: The home directory `/home/user3' already exists.  Not touching this directory.
New password:
Retype new password:
passwd: password updated successfully
Changing the user information for user3
Enter the new value, or press ENTER for the default
        Full Name []:
        Room Number []:
        Work Phone []:
        Home Phone []:
        Other []:
Is the information correct? [Y/n] Y
info: Adding new user `user3' to supplemental / extra groups `users' ...
info: Adding user `user3' to group `users' ...


root@eltex-practice2-pg1-v24:~# usermod -s /usr/sbin/nologin user3
root@eltex-practice2-pg1-v24:~# ^C
root@eltex-practice2-pg1-v24:~# su user3
This account is currently not available.
root@eltex-practice2-pg1-v24:~# su user3 -s /bin/bash
user3@eltex-practice2-pg1-v24:/root$ exit
exit
root@eltex-practice2-pg1-v24:~#

root@eltex-practice2-pg1-v24:~# groupadd group
root@eltex-practice2-pg1-v24:~# usermod -a -G group user1
root@eltex-practice2-pg1-v24:~# usermod -a -G group user2
root@eltex-practice2-pg1-v24:~# usermod -a -G group user3
root@eltex-practice2-pg1-v24:~# groups user1
user1 : user1 group
root@eltex-practice2-pg1-v24:~# groups user2
user2 : user2 users group
root@eltex-practice2-pg1-v24:~# groups user3
user3 : user3 users group


root@eltex-practice2-pg1-v24:~# mkdir -p /opt/share
root@eltex-practice2-pg1-v24:~# chgrp group /opt/share
root@eltex-practice2-pg1-v24:~# chmod g+s /opt/share
root@eltex-practice2-pg1-v24:~# chmod g+rwx /opt/share

root@eltex-practice2-pg1-v24:~# vi ~/.profile
umask 027

root@eltex-practice2-pg1-v24:~# su user1
user1@eltex-practice2-pg1-v24:/root$ touch /opt/share/user1_file
user1@eltex-practice2-pg1-v24:/root$ su user2
Password:
user2@eltex-practice2-pg1-v24:/root$ touch /opt/share/user2_file
user2@eltex-practice2-pg1-v24:/root$ rm /opt/share/user1_file
user2@eltex-practice2-pg1-v24:/root$ ls /opt/share
user2_file
root@eltex-practice2-pg1-v24:~# su user3 -s /bin/bash
user3@eltex-practice2-pg1-v24:/root$ touch /opt/share/user3_file
user3@eltex-practice2-pg1-v24:/root$ rm /opt/share/user2_file
user3@eltex-practice2-pg1-v24:/root$ ls /opt/share
user3_file
user3@eltex-practice2-pg1-v24:/root$ su user1
Password:
user1@eltex-practice2-pg1-v24:/root$ rm /opt/share/user3_file
user1@eltex-practice2-pg1-v24:/root$ ls /opt/share

root@eltex-practice2-pg1-v24:~# su user1
user1@eltex-practice2-pg1-v24:/root$ touch /opt/share/user1_file
user1@eltex-practice2-pg1-v24:/root$ su user2
Password:
user2@eltex-practice2-pg1-v24:/root$ touch /opt/share/user2_file
root@eltex-practice2-pg1-v24:~# su user3 -s /bin/bash
user3@eltex-practice2-pg1-v24:/root$ touch /opt/share/user3_file
user3@eltex-practice2-pg1-v24:/root$ rm /opt/share/user2_file
rm: cannot remove '/opt/share/user2_file': Operation not permitted
user3@eltex-practice2-pg1-v24:/root$ su user2
Password:
user2@eltex-practice2-pg1-v24:/root$ rm /opt/share/user1_file
rm: cannot remove '/opt/share/user1_file': Operation not permitted
user2@eltex-practice2-pg1-v24:/root$ su user1
Password:
user1@eltex-practice2-pg1-v24:/root$ rm /opt/share/user3_file
rm: cannot remove '/opt/share/user3_file': Operation not permitted


root@eltex-practice2-pg1-v24:~# sudo visudo
    user1 ALL=(ALL) NOPASSWD: /usr/bin/dmesg
root@eltex-practice2-pg1-v24:~# vi /usr/local/bin/view_dmesg.sh
dmesg
root@eltex-practice2-pg1-v24:~# chown user2:user2 /usr/local/bin/view_dmesg.sh
root@eltex-practice2-pg1-v24:~# chmod u+s /usr/local/bin/view_dmesg.sh

root@eltex-practice2-pg1-v24:~# chage -M 10 user1
root@eltex-practice2-pg1-v24:~# chage -l user1
Last password change                                    : Jul 16, 2025
Password expires                                        : Jul 26, 2025
Password inactive                                       : never
Account expires                                         : never
Minimum number of days between password change          : 0
Maximum number of days between password change          : 10
Number of days of warning before password expires       : 7
root@eltex-practice2-pg1-v24:~# chage -M 10 user2
root@eltex-practice2-pg1-v24:~# chage -M 10 user3


root@eltex-practice2-pg1-v24:~# vi /etc/motd
Борисова Алина

root@eltex-practice2-pg1-v24:~# rsync --archive /etc/ /root/etc_backup/

root@eltex-practice2-pg1-v24:~# tar -cjvf bzip2.tar.bz2 /root/etc_backup/
root@eltex-practice2-pg1-v24:~# tar -czvf gzip.tar.gz /root/etc_backup/
root@eltex-practice2-pg1-v24:~# 7za a 7zip.7z /root/etc_backup/
root@eltex-practice2-pg1-v24:~# ls -lh
total 5.6M
-rw-r-----   1 root root 4.5M Jul 16 13:28 7zip.7z
-rw-r-----   1 root root 553K Jul 16 13:31 bzip2.tar.bz2
drwxr-xr-x 109 root root 4.0K Jul 16 13:03 etc_backup
-rw-r-----   1 root root 583K Jul 16 13:26 gzip.tar.gz
-rw-r--r--   1 root root  13K Jul 16 13:16 practice2_eltex-pg1-v24_part1.log

root@eltex-practice2-pg1-v24:~# rsync -a /etc/ /etc_backup/
root@eltex-practice2-pg1-v24:~# tar -czvf motd.tar.gz etc_backup/motd
etc_backup/motd

root@eltex-practice2-pg1-v24:~# diff <(tar -tjf /bzip2.tar.bz2 | sort) <(cd /root/etc_backup && find . -type f | sort)

root@eltex-practice2-pg1-v24:~# mkdir /root/etc_backup_gzip /root/etc_backup_7zip
root@eltex-practice2-pg1-v24:~# tar -xzf gzip.tar.gz -C /root/etc_backup_gzip/
root@eltex-practice2-pg1-v24:~# 7z x /root/7zip.7z -o/root/etc_backup_7zip

root@eltex-practice2-pg1-v24:~# diff /root/etc_backup_gzip/root/etc_backup/motd /root/etc_backup_7zip/etc_backup/motd

