root@eltex-practice2-pg1-v24:~# journalctl -b --until -20s
Jul 11 02:20:51 localhost kernel: Linux version 6.8.0-55-generic (buildd@lcy02->
Jul 11 02:20:51 localhost kernel: Command line: BOOT_IMAGE=/vmlinuz-6.8.0-55-ge>
Jul 11 02:20:51 localhost kernel: KERNEL supported cpus:
Jul 11 02:20:51 localhost kernel:   Intel GenuineIntel
Jul 11 02:20:51 localhost kernel:   AMD AuthenticAMD
Jul 11 02:20:51 localhost kernel:   Hygon HygonGenuine
Jul 11 02:20:51 localhost kernel:   Centaur CentaurHauls
Jul 11 02:20:51 localhost kernel:   zhaoxin   Shanghai
Jul 11 02:20:51 localhost kernel: BIOS-provided physical RAM map:
Jul 11 02:20:51 localhost kernel: BIOS-e820: [mem 0x0000000000000000-0x00000000>
Jul 11 02:20:51 localhost kernel: BIOS-e820: [mem 0x000000000009fc00-0x00000000>
Jul 11 02:20:51 localhost kernel: BIOS-e820: [mem 0x00000000000f0000-0x00000000>
Jul 11 02:20:51 localhost kernel: BIOS-e820: [mem 0x0000000000100000-0x00000000>
Jul 11 02:20:51 localhost kernel: BIOS-e820: [mem 0x00000000bffda000-0x00000000>
Jul 11 02:20:51 localhost kernel: BIOS-e820: [mem 0x00000000feffc000-0x00000000>
Jul 11 02:20:51 localhost kernel: BIOS-e820: [mem 0x00000000fffc0000-0x00000000>
Jul 11 02:20:51 localhost kernel: BIOS-e820: [mem 0x0000000100000000-0x00000001>
Jul 11 02:20:51 localhost kernel: BIOS-e820: [mem 0x000000fd00000000-0x000000ff>
Jul 11 02:20:51 localhost kernel: NX (Execute Disable) protection: active
Jul 11 02:20:51 localhost kernel: APIC: Static calls initialized
Jul 11 02:20:51 localhost kernel: SMBIOS 2.8 present.
Jul 11 02:20:51 localhost kernel: DMI: QEMU Standard PC (i440FX + PIIX, 1996), >
Jul 11 02:20:51 localhost kernel: Hypervisor detected: KVM


root@eltex-practice2-pg1-v24:~# find / -name "auth.log"
/var/log/auth.log

root@eltex-practice2-pg1-v24:~# awk -F ": " '{n=split($1,arr," "); a=arr[n]; print a,$2,$3}' /var/log/auth.log |sed 's/\[[0-9]*\]//g' |sort -k1 | head
chage changed password expiry for user1
chage changed password expiry for user1
chage changed password expiry for user2
chage changed password expiry for user3
chfn changed user 'user2' information
chfn changed user 'user2' information
chfn changed user 'user3' information
chfn changed user 'user3' information
CRON pam_unix(cron:session) session closed for user root
CRON pam_unix(cron:session) session closed for user root

root@eltex-practice2-pg1-v24:~# awk -F ": " '{n=split($1, arr, " "); a=arr[n]; print a, $2, $3}' /var/log/auth.log | sed 's/\[[0-9]*\]//g' | sort -k1 | uniq -c | sort -nr | head
    634 CRON pam_unix(cron:session) session opened for user root(uid=0) by root(uid=0)
    634 CRON pam_unix(cron:session) session closed for user root
     24 sshd pam_unix(sshd:session) session opened for user root(uid=0) by root(uid=0)
     20 sshd pam_unix(sshd:session) session closed for user root
     12 su pam_unix(su:session) session closed for user user3
     10 su pam_unix(su:session) session opened for user user3(uid=1003) by root(uid=0)
      9 (systemd) pam_unix(systemd-user:session) session opened for user root(uid=0) by root(uid=0)
      8 su pam_unix(su:session) session closed for user user1
      6 su (to user3) root on pts/0
      6 su pam_unix(su:session) session opened for user user1(uid=1001) by root(uid=0)

root@eltex-practice2-pg1-v24:~# grep /usr/sbin/nologin /etc/passwd | awk -F: '{print $3,$1,$4}' | sort -k1 -nr
65534 nobody 65534
1003 user3 1003
998 systemd-network 998
997 systemd-timesync 997
992 systemd-resolve 992
991 polkitd 991
989 fwupd-refresh 989
109 sshd 65534
108 usbmux 46
107 landscape 109
105 tcpdump 107
104 uuidd 105
103 syslog 104
101 messagebus 102
42 _apt 65534
39 irc 39
38 list 38
34 backup 34
33 www-data 33
13 proxy 13
10 uucp 10
9 news 9
8 mail 8
7 lp 7
6 man 12
5 games 60
3 sys 3
2 bin 2
1 daemon 1

root@eltex-practice2-pg1-v24:~# dmesg | grep kernel
[    0.164627] Booting paravirtualized kernel on KVM
[    0.166064] Unknown kernel command line parameters "BOOT_IMAGE=/vmlinuz-6.8.0-55-generic", will be passed to user space.
[    0.240784] Memory: 3933488K/4193760K available (22528K kernel code, 4443K rwdata, 14344K rodata, 4988K init, 4716K bss, 260012K reserved, 0K cma-reserved)
[    1.030182] Loaded X.509 cert 'Build time autogenerated kernel key: e0bedf6fa049a1e09bd65ebab3904f14cdd5bc68'
[    1.138775] Loaded X.509 cert 'Build time autogenerated kernel key: e0bedf6fa049a1e09bd65ebab3904f14cdd5bc68'
[    1.165667] Freeing unused kernel image (initmem) memory: 4988K
[    1.166390] Write protecting the kernel read-only data: 38912k
[    1.168297] Freeing unused kernel image (rodata/data gap) memory: 2040K
[    8.333487] systemd[1]: Listening on systemd-udevd-kernel.socket - udev Kernel Socket.
[    8.400754] systemd[1]: Mounting sys-kernel-debug.mount - Kernel Debug File System...
[    8.402861] systemd[1]: Mounting sys-kernel-tracing.mount - Kernel Trace File System...
[    8.635566] systemd[1]: Mounted sys-kernel-debug.mount - Kernel Debug File System.
[    8.636342] systemd[1]: Mounted sys-kernel-tracing.mount - Kernel Trace File System.
[    8.656425] systemd[1]: Mounting sys-kernel-config.mount - Kernel Configuration File System...
[    8.664977] systemd[1]: Mounted sys-kernel-config.mount - Kernel Configuration File System.

root@eltex-practice2-pg1-v24:~# wc -l /var/log/kern.log
44 /var/log/kern.log

root@eltex-practice2-pg1-v24:~# awk '/^Commandline:/ {printf "%s\n", $0; next} /^Start-Date:/ {printf "%s\n", $0; next} /^End-Date:/ {printf "%s\n", $0; print ""}' /var/log/apt/history.log | head
Start-Date: 2025-02-16  20:51:22
Commandline: apt-get install --reinstall apt
End-Date: 2025-02-16  20:51:24

Start-Date: 2025-02-16  20:51:26
Commandline: apt-get install --reinstall base-files
End-Date: 2025-02-16  20:51:28

Start-Date: 2025-02-16  20:51:31
Commandline: apt-get install --reinstall base-passwd

